Building...
info: Microsoft.EntityFrameworkCore.Database.Command[20101]
      Executed DbCommand (85ms) [Parameters=[@__normalizedEmail_0='?' (Size = 256)], CommandType='Text', CommandTimeout='30']
      SELECT TOP(2) [a].[Id], [a].[AccessFailedCount], [a].[ConcurrencyStamp], [a].[Email], [a].[EmailConfirmed], [a].[LockoutEnabled], [a].[LockoutEnd], [a].[NormalizedEmail], [a].[NormalizedUserName], [a].[PasswordHash], [a].[PhoneNumber], [a].[PhoneNumberConfirmed], [a].[SecurityStamp], [a].[TwoFactorEnabled], [a].[UserName]
      FROM [AspNetUsers] AS [a]
      WHERE [a].[NormalizedEmail] = @__normalizedEmail_0
info: Microsoft.Hosting.Lifetime[14]
      Now listening on: http://localhost:5062
info: Microsoft.Hosting.Lifetime[0]
      Application started. Press Ctrl+C to shut down.
info: Microsoft.Hosting.Lifetime[0]
      Hosting environment: Development
info: Microsoft.Hosting.Lifetime[0]
      Content root path: C:\Users\HH\Desktop\Qaryati
warn: Microsoft.AspNetCore.HttpsPolicy.HttpsRedirectionMiddleware[3]
      Failed to determine the https port for redirect.
info: Microsoft.EntityFrameworkCore.Database.Command[20101]
      Executed DbCommand (629ms) [Parameters=[], CommandType='Text', CommandTimeout='30']
      SELECT [c].[Id], [c].[Description], [c].[Name], [s].[Id], [s].[Address], [s].[CategoryId], [s].[Description], [s].[ImageUrl], [s].[IsFeatured], [s].[Name], [s].[PhoneNumber], [s].[VillageName], [s].[WhatsAppNumber], [s].[WorkingHours]
      FROM [Categories] AS [c]
      LEFT JOIN [Services] AS [s] ON [c].[Id] = [s].[CategoryId]
      ORDER BY [c].[Name], [c].[Id]
info: Microsoft.EntityFrameworkCore.Database.Command[20101]
      Executed DbCommand (4,256ms) [Parameters=[], CommandType='Text', CommandTimeout='30']
      SELECT [c].[Id], [c].[Description], [c].[Name], [s].[Id], [s].[Address], [s].[CategoryId], [s].[Description], [s].[ImageUrl], [s].[IsFeatured], [s].[Name], [s].[PhoneNumber], [s].[VillageName], [s].[WhatsAppNumber], [s].[WorkingHours]
      FROM [Categories] AS [c]
      LEFT JOIN [Services] AS [s] ON [c].[Id] = [s].[CategoryId]
      ORDER BY [c].[Name], [c].[Id]
info: Microsoft.EntityFrameworkCore.Database.Command[20101]
      Executed DbCommand (3ms) [Parameters=[], CommandType='Text', CommandTimeout='30']
      SELECT [s].[Id], [s].[Address], [s].[CategoryId], [s].[Description], [s].[ImageUrl], [s].[IsFeatured], [s].[Name], [s].[PhoneNumber], [s].[VillageName], [s].[WhatsAppNumber], [s].[WorkingHours], [c].[Id], [c].[Description], [c].[Name]
      FROM [Services] AS [s]
      INNER JOIN [Categories] AS [c] ON [s].[CategoryId] = [c].[Id]
      ORDER BY [s].[Name]
info: Microsoft.EntityFrameworkCore.Database.Command[20101]
      Executed DbCommand (43ms) [Parameters=[], CommandType='Text', CommandTimeout='30']
      SELECT [a].[Id], [a].[AdType], [a].[AdvertiserName], [a].[CreatedAt], [a].[Description], [a].[ImageUrl], [a].[PhoneNumber], [a].[Price], [a].[Title], [a].[VillageName]
      FROM [Ads] AS [a]
      ORDER BY [a].[CreatedAt] DESC
info: Microsoft.EntityFrameworkCore.Database.Command[20101]
      Executed DbCommand (2ms) [Parameters=[], CommandType='Text', CommandTimeout='30']
      SELECT [a].[Id], [a].[AdType], [a].[AdvertiserName], [a].[CreatedAt], [a].[Description], [a].[ImageUrl], [a].[PhoneNumber], [a].[Price], [a].[Title], [a].[VillageName]
      FROM [Ads] AS [a]
      ORDER BY [a].[CreatedAt] DESC
info: Microsoft.EntityFrameworkCore.Database.Command[20101]
      Executed DbCommand (3ms) [Parameters=[], CommandType='Text', CommandTimeout='30']
      SELECT [s].[Id], [s].[Address], [s].[CategoryId], [s].[Description], [s].[ImageUrl], [s].[IsFeatured], [s].[Name], [s].[PhoneNumber], [s].[VillageName], [s].[WhatsAppNumber], [s].[WorkingHours], [c].[Id], [c].[Description], [c].[Name]
      FROM [Services] AS [s]
      INNER JOIN [Categories] AS [c] ON [s].[CategoryId] = [c].[Id]
      ORDER BY [s].[Name]
info: Microsoft.EntityFrameworkCore.Database.Command[20101]
      Executed DbCommand (10ms) [Parameters=[], CommandType='Text', CommandTimeout='30']
      SELECT [c].[Id], [c].[Description], [c].[Name], [s].[Id], [s].[Address], [s].[CategoryId], [s].[Description], [s].[ImageUrl], [s].[IsFeatured], [s].[Name], [s].[PhoneNumber], [s].[VillageName], [s].[WhatsAppNumber], [s].[WorkingHours]
      FROM [Categories] AS [c]
      LEFT JOIN [Services] AS [s] ON [c].[Id] = [s].[CategoryId]
      ORDER BY [c].[Name], [c].[Id]
info: Microsoft.EntityFrameworkCore.Database.Command[20101]
      Executed DbCommand (6ms) [Parameters=[], CommandType='Text', CommandTimeout='30']
      SELECT [s].[Id], [s].[Address], [s].[CategoryId], [s].[Description], [s].[ImageUrl], [s].[IsFeatured], [s].[Name], [s].[PhoneNumber], [s].[VillageName], [s].[WhatsAppNumber], [s].[WorkingHours], [c].[Id], [c].[Description], [c].[Name]
      FROM [Services] AS [s]
      INNER JOIN [Categories] AS [c] ON [s].[CategoryId] = [c].[Id]
      ORDER BY [s].[Name]
info: Microsoft.EntityFrameworkCore.Database.Command[20101]
      Executed DbCommand (5ms) [Parameters=[], CommandType='Text', CommandTimeout='30']
      SELECT [c].[Id], [c].[Description], [c].[Name], [s].[Id], [s].[Address], [s].[CategoryId], [s].[Description], [s].[ImageUrl], [s].[IsFeatured], [s].[Name], [s].[PhoneNumber], [s].[VillageName], [s].[WhatsAppNumber], [s].[WorkingHours]
      FROM [Categories] AS [c]
      LEFT JOIN [Services] AS [s] ON [c].[Id] = [s].[CategoryId]
      ORDER BY [c].[Name], [c].[Id]
info: Microsoft.EntityFrameworkCore.Database.Command[20101]
      Executed DbCommand (2ms) [Parameters=[], CommandType='Text', CommandTimeout='30']
      SELECT [c].[Id], [c].[Description], [c].[Name], [s].[Id], [s].[Address], [s].[CategoryId], [s].[Description], [s].[ImageUrl], [s].[IsFeatured], [s].[Name], [s].[PhoneNumber], [s].[VillageName], [s].[WhatsAppNumber], [s].[WorkingHours]
      FROM [Categories] AS [c]
      LEFT JOIN [Services] AS [s] ON [c].[Id] = [s].[CategoryId]
      ORDER BY [c].[Id]
info: Microsoft.EntityFrameworkCore.Database.Command[20101]
      Executed DbCommand (3ms) [Parameters=[@__p_0='?' (DbType = Int32)], CommandType='Text', CommandTimeout='30']
      SELECT [t].[Id], [t].[Address], [t].[CategoryId], [t].[Description], [t].[ImageUrl], [t].[IsFeatured], [t].[Name], [t].[PhoneNumber], [t].[VillageName], [t].[WhatsAppNumber], [t].[WorkingHours], [c].[Id], [c].[Description], [c].[Name]
      FROM (
          SELECT TOP(@__p_0) [s].[Id], [s].[Address], [s].[CategoryId], [s].[Description], [s].[ImageUrl], [s].[IsFeatured], [s].[Name], [s].[PhoneNumber], [s].[VillageName], [s].[WhatsAppNumber], [s].[WorkingHours]
          FROM [Services] AS [s]
          WHERE [s].[IsFeatured] = CAST(1 AS bit)
          ORDER BY [s].[Id]
      ) AS [t]
      INNER JOIN [Categories] AS [c] ON [t].[CategoryId] = [c].[Id]
      ORDER BY [t].[Id]
info: Microsoft.EntityFrameworkCore.Database.Command[20101]
      Executed DbCommand (6ms) [Parameters=[], CommandType='Text', CommandTimeout='30']
      SELECT [c].[Id], [c].[Description], [c].[Name], [s].[Id], [s].[Address], [s].[CategoryId], [s].[Description], [s].[ImageUrl], [s].[IsFeatured], [s].[Name], [s].[PhoneNumber], [s].[VillageName], [s].[WhatsAppNumber], [s].[WorkingHours]
      FROM [Categories] AS [c]
      LEFT JOIN [Services] AS [s] ON [c].[Id] = [s].[CategoryId]
      ORDER BY [c].[Name], [c].[Id]
info: Microsoft.EntityFrameworkCore.Database.Command[20101]
      Executed DbCommand (4ms) [Parameters=[], CommandType='Text', CommandTimeout='30']
      SELECT [s].[Id], [s].[Address], [s].[CategoryId], [s].[Description], [s].[ImageUrl], [s].[IsFeatured], [s].[Name], [s].[PhoneNumber], [s].[VillageName], [s].[WhatsAppNumber], [s].[WorkingHours], [c].[Id], [c].[Description], [c].[Name]
      FROM [Services] AS [s]
      INNER JOIN [Categories] AS [c] ON [s].[CategoryId] = [c].[Id]
      ORDER BY [s].[Name]
info: Microsoft.EntityFrameworkCore.Database.Command[20101]
      Executed DbCommand (3ms) [Parameters=[], CommandType='Text', CommandTimeout='30']
      SELECT [c].[Id], [c].[Description], [c].[Name], [s].[Id], [s].[Address], [s].[CategoryId], [s].[Description], [s].[ImageUrl], [s].[IsFeatured], [s].[Name], [s].[PhoneNumber], [s].[VillageName], [s].[WhatsAppNumber], [s].[WorkingHours]
      FROM [Categories] AS [c]
      LEFT JOIN [Services] AS [s] ON [c].[Id] = [s].[CategoryId]
      ORDER BY [c].[Name], [c].[Id]
info: Microsoft.EntityFrameworkCore.Database.Command[20101]
      Executed DbCommand (3ms) [Parameters=[], CommandType='Text', CommandTimeout='30']
      SELECT [s].[Id], [s].[Address], [s].[CategoryId], [s].[Description], [s].[ImageUrl], [s].[IsFeatured], [s].[Name], [s].[PhoneNumber], [s].[VillageName], [s].[WhatsAppNumber], [s].[WorkingHours], [c].[Id], [c].[Description], [c].[Name]
      FROM [Services] AS [s]
      INNER JOIN [Categories] AS [c] ON [s].[CategoryId] = [c].[Id]
      ORDER BY [s].[Name]
info: Microsoft.EntityFrameworkCore.Database.Command[20101]
      Executed DbCommand (10ms) [Parameters=[], CommandType='Text', CommandTimeout='30']
      SELECT [c].[Id], [c].[Description], [c].[Name], [s].[Id], [s].[Address], [s].[CategoryId], [s].[Description], [s].[ImageUrl], [s].[IsFeatured], [s].[Name], [s].[PhoneNumber], [s].[VillageName], [s].[WhatsAppNumber], [s].[WorkingHours]
      FROM [Categories] AS [c]
      LEFT JOIN [Services] AS [s] ON [c].[Id] = [s].[CategoryId]
      ORDER BY [c].[Name], [c].[Id]
info: Microsoft.EntityFrameworkCore.Database.Command[20101]
      Executed DbCommand (2ms) [Parameters=[], CommandType='Text', CommandTimeout='30']
      SELECT [a].[Id], [a].[AdType], [a].[AdvertiserName], [a].[CreatedAt], [a].[Description], [a].[ImageUrl], [a].[PhoneNumber], [a].[Price], [a].[Title], [a].[VillageName]
      FROM [Ads] AS [a]
      ORDER BY [a].[CreatedAt] DESC
info: Microsoft.EntityFrameworkCore.Database.Command[20101]
      Executed DbCommand (4ms) [Parameters=[], CommandType='Text', CommandTimeout='30']
      SELECT [s].[Id], [s].[Address], [s].[CategoryId], [s].[Description], [s].[ImageUrl], [s].[IsFeatured], [s].[Name], [s].[PhoneNumber], [s].[VillageName], [s].[WhatsAppNumber], [s].[WorkingHours], [c].[Id], [c].[Description], [c].[Name]
      FROM [Services] AS [s]
      INNER JOIN [Categories] AS [c] ON [s].[CategoryId] = [c].[Id]
      ORDER BY [s].[Name]
info: Microsoft.EntityFrameworkCore.Database.Command[20101]
      Executed DbCommand (10ms) [Parameters=[], CommandType='Text', CommandTimeout='30']
      SELECT [c].[Id], [c].[Description], [c].[Name], [s].[Id], [s].[Address], [s].[CategoryId], [s].[Description], [s].[ImageUrl], [s].[IsFeatured], [s].[Name], [s].[PhoneNumber], [s].[VillageName], [s].[WhatsAppNumber], [s].[WorkingHours]
      FROM [Categories] AS [c]
      LEFT JOIN [Services] AS [s] ON [c].[Id] = [s].[CategoryId]
      ORDER BY [c].[Id]
info: Microsoft.EntityFrameworkCore.Database.Command[20101]
      Executed DbCommand (3ms) [Parameters=[@__p_0='?' (DbType = Int32)], CommandType='Text', CommandTimeout='30']
      SELECT [t].[Id], [t].[Address], [t].[CategoryId], [t].[Description], [t].[ImageUrl], [t].[IsFeatured], [t].[Name], [t].[PhoneNumber], [t].[VillageName], [t].[WhatsAppNumber], [t].[WorkingHours], [c].[Id], [c].[Description], [c].[Name]
      FROM (
          SELECT TOP(@__p_0) [s].[Id], [s].[Address], [s].[CategoryId], [s].[Description], [s].[ImageUrl], [s].[IsFeatured], [s].[Name], [s].[PhoneNumber], [s].[VillageName], [s].[WhatsAppNumber], [s].[WorkingHours]
          FROM [Services] AS [s]
          WHERE [s].[IsFeatured] = CAST(1 AS bit)
          ORDER BY [s].[Id]
      ) AS [t]
      INNER JOIN [Categories] AS [c] ON [t].[CategoryId] = [c].[Id]
      ORDER BY [t].[Id]
info: Microsoft.EntityFrameworkCore.Database.Command[20101]
      Executed DbCommand (4ms) [Parameters=[], CommandType='Text', CommandTimeout='30']
      SELECT [c].[Id], [c].[Description], [c].[Name], [s].[Id], [s].[Address], [s].[CategoryId], [s].[Description], [s].[ImageUrl], [s].[IsFeatured], [s].[Name], [s].[PhoneNumber], [s].[VillageName], [s].[WhatsAppNumber], [s].[WorkingHours]
      FROM [Categories] AS [c]
      LEFT JOIN [Services] AS [s] ON [c].[Id] = [s].[CategoryId]
      ORDER BY [c].[Id]
info: Microsoft.EntityFrameworkCore.Database.Command[20101]
      Executed DbCommand (8ms) [Parameters=[@__p_0='?' (DbType = Int32)], CommandType='Text', CommandTimeout='30']
      SELECT [t].[Id], [t].[Address], [t].[CategoryId], [t].[Description], [t].[ImageUrl], [t].[IsFeatured], [t].[Name], [t].[PhoneNumber], [t].[VillageName], [t].[WhatsAppNumber], [t].[WorkingHours], [c].[Id], [c].[Description], [c].[Name]
      FROM (
          SELECT TOP(@__p_0) [s].[Id], [s].[Address], [s].[CategoryId], [s].[Description], [s].[ImageUrl], [s].[IsFeatured], [s].[Name], [s].[PhoneNumber], [s].[VillageName], [s].[WhatsAppNumber], [s].[WorkingHours]
          FROM [Services] AS [s]
          WHERE [s].[IsFeatured] = CAST(1 AS bit)
          ORDER BY [s].[Id]
      ) AS [t]
      INNER JOIN [Categories] AS [c] ON [t].[CategoryId] = [c].[Id]
      ORDER BY [t].[Id]
info: Microsoft.EntityFrameworkCore.Database.Command[20101]
      Executed DbCommand (4ms) [Parameters=[], CommandType='Text', CommandTimeout='30']
      SELECT [c].[Id], [c].[Description], [c].[Name], [s].[Id], [s].[Address], [s].[CategoryId], [s].[Description], [s].[ImageUrl], [s].[IsFeatured], [s].[Name], [s].[PhoneNumber], [s].[VillageName], [s].[WhatsAppNumber], [s].[WorkingHours]
      FROM [Categories] AS [c]
      LEFT JOIN [Services] AS [s] ON [c].[Id] = [s].[CategoryId]
      ORDER BY [c].[Id]
info: Microsoft.EntityFrameworkCore.Database.Command[20101]
      Executed DbCommand (5ms) [Parameters=[@__p_0='?' (DbType = Int32)], CommandType='Text', CommandTimeout='30']
      SELECT [t].[Id], [t].[Address], [t].[CategoryId], [t].[Description], [t].[ImageUrl], [t].[IsFeatured], [t].[Name], [t].[PhoneNumber], [t].[VillageName], [t].[WhatsAppNumber], [t].[WorkingHours], [c].[Id], [c].[Description], [c].[Name]
      FROM (
          SELECT TOP(@__p_0) [s].[Id], [s].[Address], [s].[CategoryId], [s].[Description], [s].[ImageUrl], [s].[IsFeatured], [s].[Name], [s].[PhoneNumber], [s].[VillageName], [s].[WhatsAppNumber], [s].[WorkingHours]
          FROM [Services] AS [s]
          WHERE [s].[IsFeatured] = CAST(1 AS bit)
          ORDER BY [s].[Id]
      ) AS [t]
      INNER JOIN [Categories] AS [c] ON [t].[CategoryId] = [c].[Id]
      ORDER BY [t].[Id]
info: Microsoft.EntityFrameworkCore.Database.Command[20101]
      Executed DbCommand (6ms) [Parameters=[], CommandType='Text', CommandTimeout='30']
      SELECT [c].[Id], [c].[Description], [c].[Name], [s].[Id], [s].[Address], [s].[CategoryId], [s].[Description], [s].[ImageUrl], [s].[IsFeatured], [s].[Name], [s].[PhoneNumber], [s].[VillageName], [s].[WhatsAppNumber], [s].[WorkingHours]
      FROM [Categories] AS [c]
      LEFT JOIN [Services] AS [s] ON [c].[Id] = [s].[CategoryId]
      ORDER BY [c].[Id]
info: Microsoft.EntityFrameworkCore.Database.Command[20101]
      Executed DbCommand (4ms) [Parameters=[@__p_0='?' (DbType = Int32)], CommandType='Text', CommandTimeout='30']
      SELECT [t].[Id], [t].[Address], [t].[CategoryId], [t].[Description], [t].[ImageUrl], [t].[IsFeatured], [t].[Name], [t].[PhoneNumber], [t].[VillageName], [t].[WhatsAppNumber], [t].[WorkingHours], [c].[Id], [c].[Description], [c].[Name]
      FROM (
          SELECT TOP(@__p_0) [s].[Id], [s].[Address], [s].[CategoryId], [s].[Description], [s].[ImageUrl], [s].[IsFeatured], [s].[Name], [s].[PhoneNumber], [s].[VillageName], [s].[WhatsAppNumber], [s].[WorkingHours]
          FROM [Services] AS [s]
          WHERE [s].[IsFeatured] = CAST(1 AS bit)
          ORDER BY [s].[Id]
      ) AS [t]
      INNER JOIN [Categories] AS [c] ON [t].[CategoryId] = [c].[Id]
      ORDER BY [t].[Id]
